 <svg width="450.0" height="450.0" > <circle r="5" cx="425.0" cy="225.0" > </circle>  <circle r="5" cx="386.8033988749895" cy="342.55705045849464" > </circle>  <circle r="5" cx="286.8033988749895" cy="415.21130325903073" > </circle>  <circle r="5" cx="163.19660112501055" cy="415.21130325903073" > </circle>  <circle r="5" cx="63.196601125010545" cy="342.55705045849464" > </circle>  <circle r="5" cx="25.0" cy="225.00000000000003" > </circle>  <circle r="5" cx="63.19660112501049" cy="107.4429495415054" > </circle>  <circle r="5" cx="163.1966011250105" cy="34.7886967409693" > </circle>  <circle r="5" cx="286.80339887498945" cy="34.78869674096927" > </circle>  <circle r="5" cx="386.80339887498945" cy="107.44294954150533" > </circle>  </svg> 