 <svg > <text font-size="35" >Hello World </text>  </svg> 