 <svg > <text font-size="35" >3 </text>  <text y="35" font-size="35" >16 </text>  </svg> 