 <svg > <text >"Hello World: Cons 11 (Cons 21 Nil)" </text>  </svg> 